// Jest Snapshot v1, https://goo.gl/fbAQLP

exports[`contain property 1`] = `
<div
  className="form-row"
>
  <div
    className="vertical-input col-lg-12"
  >
    <div
      className="property form-group required"
    >
      <label
        className="form-control-label"
        htmlFor="textInputPropertyInput"
      >
        Text input
      </label>
      <div
        className="controls"
      >
        <input
          className="property-input form-control"
          id="textInputPropertyInput"
          maxLength={undefined}
          onBlur={[Function]}
          onChange={[Function]}
          onInput={[Function]}
          onInvalid={[Function]}
          pattern={undefined}
          placeholder={undefined}
          required={true}
          size={undefined}
          type="text"
          value="test"
        />
      </div>
    </div>
  </div>
  <div
    className="vertical-input col-lg-12"
  >
    <div
      className="property-label property form-group required"
    >
      <label
        className="property-input"
        dangerouslySetInnerHTML={
          Object {
            "__html": "<p>Pellentesque habitant morbi tristique senectus et netus et <a href=\\"#test\\">Link</a> malesuada fames ac <b>turpis</b> egestas.</p>",
          }
        }
        id="labelFieldRawPropertyInput"
      />
    </div>
  </div>
</div>
`;

exports[`not contain property 1`] = `
<div
  className="form-row"
/>
`;
