// Jest Snapshot v1, https://goo.gl/fbAQLP

exports[`contain property 1`] = `
<div
  className="form-row"
>
  <div
    className="col-lg-12"
  >
    <div
      className="form-group property required"
    >
      <label
        className="form-control-label"
        htmlFor="textInputPropertyInput"
      >
        Text input
      </label>
      <div
        className="controls"
      >
        <input
          className="form-control"
          disabled={undefined}
          id="textInputPropertyInput"
          maxLength={undefined}
          onChange={[Function]}
          pattern={undefined}
          placeholder={undefined}
          required={true}
          type="text"
          value="test"
        />
      </div>
    </div>
  </div>
  <div
    className="form-group property property-label col-lg-12"
  >
    <label
      className="form-control-label"
      id="labelFieldPropertyInput"
    >
      Pellentesque habitant morbi tristique senectus et netus et malesuada fames ac turpis egestas.
    </label>
  </div>
</div>
`;

exports[`not contain property 1`] = `
<div
  className="form-row"
/>
`;
