// Jest Snapshot v1, https://goo.gl/fbAQLP

exports[`contain property 1`] = `
<div
  className="form-row"
>
  <div
    className="vertical-input col-lg-12"
  >
    <div
      className="property form-group required"
    >
      <label
        className="form-control-label"
        htmlFor="textInputPropertyInput"
      >
        Text input
      </label>
      <div
        className="controls"
      >
        <input
          className="property-input form-control"
          id="textInputPropertyInput"
          onBlur={[Function]}
          onChange={[Function]}
          onInput={[Function]}
          onInvalid={[Function]}
          required={true}
          type="text"
          value="test"
        />
      </div>
    </div>
  </div>
</div>
`;

exports[`not contain property 1`] = `
<div
  className="form-row"
/>
`;
